<html>
<body>
<pre>
<h1>µVision Build Log</h1>
<h2>Tool Versions:</h2>
IDE-Version: µVision V5.31.0.0
Copyright (C) 2020 ARM Ltd and ARM Germany GmbH. All rights reserved.
License Information: Colin Roskos, MnSU - Mankato, LIC=----
 
Tool Versions:
Toolchain:       MDK-Lite  Version: 5.31.0.0
Toolchain Path:  C:\Keil_v5\ARM\ARMCLANG\Bin
C Compiler:      ArmClang.exe V6.14
Assembler:       Armasm.exe V6.14
Linker/Locator:  ArmLink.exe V6.14
Library Manager: ArmAr.exe V6.14
Hex Converter:   FromElf.exe V6.14
CPU DLL:         SARMCM3.DLL V5.31.0.0
Dialog DLL:      DCM.DLL V1.17.3.0
Target DLL:      STLink\ST-LINKIII-KEIL_SWO.dll V3.0.7.0
Dialog DLL:      TCM.DLL V1.46.0.0
 
<h2>Project:</h2>
E:\_Mankato\_Spring2023\EE 390 - Smart Sensor Systems\Labs\Lab2\Lab2.uvprojx
Project File Date:  02/04/2023

<h2>Output:</h2>
*** Using Compiler 'V6.14', folder: 'C:\Keil_v5\ARM\ARMCLANG\Bin'
Build target 'Target 1'
main.c(33): warning: passing 'volatile uint32_t *' (aka 'volatile unsigned int *') to parameter of type 'void *' discards qualifiers [-Wincompatible-pointer-types-discards-qualifiers]
        initDMAM2P(sineWave, &(DAC1->DHR12R1), SINE_SIZE); // init DMA from mem SineWave to DAC1 12 bit right justified
                             ^~~~~~~~~~~~~~~~
./../STM32Lib/dma.h(20): note: passing argument to parameter 'DMAToMemBuffer' here
void initDMAM2P(void * DMAFromMemBuffer, void * DMAToMemBuffer, uint16_t buffSize);
                                                ^
main.c(54): warning: implicit conversion increases floating-point precision: 'float' to 'double' [-Wdouble-promotion]
                inter = (((double) i)/((float)size)) * 2.0 * M_PI;
                                     ~ ^~~~~~~~~~~
2 warnings generated.
compiling main.c...
linking...
.\Objects\Lab2.axf: Warning: L6989W: Could not apply patch sdcomp-29491-629360 to instruction VPOP     {d8-d12} at offset 0x24, instruction is within an IT block and is not the last instruction for sin_i_x.o(i.____kernel_sin$lsc).
Program Size: Code=6272 RO-data=784 RW-data=8 ZI-data=2112  
Finished: 0 information, 1 warning and 0 error messages.
".\Objects\Lab2.axf" - 0 Error(s), 3 Warning(s).

<h2>Software Packages used:</h2>

Package Vendor: ARM
                http://www.keil.com/pack/ARM.CMSIS.5.7.0.pack
                ARM.CMSIS.5.7.0
                CMSIS (Cortex Microcontroller Software Interface Standard)
   * Component: CORE Version: 5.4.0

Package Vendor: Keil
                http://www.keil.com/pack/Keil.STM32L4xx_DFP.2.4.0.pack
                Keil.STM32L4xx_DFP.2.4.0
                STMicroelectronics STM32L4 Series Device Support, Drivers and Examples
   * Component: Startup Version: 1.3.1

<h2>Collection of Component include folders:</h2>
  .\RTE\_Target_1
  C:\Users\c_ros\AppData\Local\Arm\Packs\ARM\CMSIS\5.7.0\CMSIS\Core\Include
  C:\Users\c_ros\AppData\Local\Arm\Packs\Keil\STM32L4xx_DFP\2.4.0\Drivers\CMSIS\Device\ST\STM32L4xx\Include

<h2>Collection of Component Files used:</h2>

   * Component: ARM::CMSIS:CORE:5.4.0

   * Component: Keil::Device:Startup:1.3.1
      Include file:  Drivers\CMSIS\Device\ST\STM32L4xx\Include\stm32l4xx.h
      Source file:   MDK\Device\Source\ARM\STM32L4xx_DB_OPT.s
      Source file:   Drivers\CMSIS\Device\ST\STM32L4xx\Source\Templates\arm\startup_stm32l475xx.s
      Source file:   Drivers\CMSIS\Device\ST\STM32L4xx\Source\Templates\system_stm32l4xx.c
Build Time Elapsed:  00:00:01
</pre>
</body>
</html>
